[2026-08-05T06:45:56.237Z] [ERROR] Unhandled: Expected property name or '}' in JSON at position 1 (line 1 column 2)
SyntaxError: Expected property name or '}' in JSON at position 1 (line 1 column 2)
    at JSON.parse (<anonymous>)
    at parse (D:\PROJECTS\OS_TICKET_MERN\node_modules\body-parser\lib\types\json.js:96:19)
    at D:\PROJECTS\OS_TICKET_MERN\node_modules\body-parser\lib\read.js:128:18
    at AsyncResource.runInAsyncScope (node:async_hooks:214:14)
    at invokeCallback (D:\PROJECTS\OS_TICKET_MERN\node_modules\raw-body\index.js:238:16)
    at done (D:\PROJECTS\OS_TICKET_MERN\node_modules\raw-body\index.js:227:7)
    at IncomingMessage.onEnd (D:\PROJECTS\OS_TICKET_MERN\node_modules\raw-body\index.js:287:7)
    at IncomingMessage.emit (node:events:519:28)
    at endReadableNT (node:internal/streams/readable:1698:12)
    at process.processTicksAndRejections (node:internal/process/task_queues:89:21)
[2026-08-05T09:14:10.075Z] [ERROR] Unhandled: Expected property name or '}' in JSON at position 1 (line 1 column 2)
SyntaxError: Expected property name or '}' in JSON at position 1 (line 1 column 2)
    at JSON.parse (<anonymous>)
    at parse (D:\PROJECTS\OS_TICKET_MERN\node_modules\body-parser\lib\types\json.js:96:19)
    at D:\PROJECTS\OS_TICKET_MERN\node_modules\body-parser\lib\read.js:128:18
    at AsyncResource.runInAsyncScope (node:async_hooks:214:14)
    at invokeCallback (D:\PROJECTS\OS_TICKET_MERN\node_modules\raw-body\index.js:238:16)
    at done (D:\PROJECTS\OS_TICKET_MERN\node_modules\raw-body\index.js:227:7)
    at IncomingMessage.onEnd (D:\PROJECTS\OS_TICKET_MERN\node_modules\raw-body\index.js:287:7)
    at IncomingMessage.emit (node:events:519:28)
    at endReadableNT (node:internal/streams/readable:1698:12)
    at process.processTicksAndRejections (node:internal/process/task_queues:89:21)
[2026-08-05T09:14:22.860Z] [ERROR] Unhandled: Expected property name or '}' in JSON at position 1 (line 1 column 2)
SyntaxError: Expected property name or '}' in JSON at position 1 (line 1 column 2)
    at JSON.parse (<anonymous>)
    at parse (D:\PROJECTS\OS_TICKET_MERN\node_modules\body-parser\lib\types\json.js:96:19)
    at D:\PROJECTS\OS_TICKET_MERN\node_modules\body-parser\lib\read.js:128:18
    at AsyncResource.runInAsyncScope (node:async_hooks:214:14)
    at invokeCallback (D:\PROJECTS\OS_TICKET_MERN\node_modules\raw-body\index.js:238:16)
    at done (D:\PROJECTS\OS_TICKET_MERN\node_modules\raw-body\index.js:227:7)
    at IncomingMessage.onEnd (D:\PROJECTS\OS_TICKET_MERN\node_modules\raw-body\index.js:287:7)
    at IncomingMessage.emit (node:events:519:28)
    at endReadableNT (node:internal/streams/readable:1698:12)
    at process.processTicksAndRejections (node:internal/process/task_queues:89:21)
[2026-08-05T09:14:34.005Z] [ERROR] Unhandled: Expected property name or '}' in JSON at position 1 (line 1 column 2)
SyntaxError: Expected property name or '}' in JSON at position 1 (line 1 column 2)
    at JSON.parse (<anonymous>)
    at parse (D:\PROJECTS\OS_TICKET_MERN\node_modules\body-parser\lib\types\json.js:96:19)
    at D:\PROJECTS\OS_TICKET_MERN\node_modules\body-parser\lib\read.js:128:18
    at AsyncResource.runInAsyncScope (node:async_hooks:214:14)
    at invokeCallback (D:\PROJECTS\OS_TICKET_MERN\node_modules\raw-body\index.js:238:16)
    at done (D:\PROJECTS\OS_TICKET_MERN\node_modules\raw-body\index.js:227:7)
    at IncomingMessage.onEnd (D:\PROJECTS\OS_TICKET_MERN\node_modules\raw-body\index.js:287:7)
    at IncomingMessage.emit (node:events:519:28)
    at endReadableNT (node:internal/streams/readable:1698:12)
    at process.processTicksAndRejections (node:internal/process/task_queues:89:21)
[2026-08-05T09:21:18.739Z] [ERROR] Unhandled: Expected property name or '}' in JSON at position 1 (line 1 column 2)
SyntaxError: Expected property name or '}' in JSON at position 1 (line 1 column 2)
    at JSON.parse (<anonymous>)
    at parse (D:\PROJECTS\OS_TICKET_MERN\node_modules\body-parser\lib\types\json.js:96:19)
    at D:\PROJECTS\OS_TICKET_MERN\node_modules\body-parser\lib\read.js:128:18
    at AsyncResource.runInAsyncScope (node:async_hooks:214:14)
    at invokeCallback (D:\PROJECTS\OS_TICKET_MERN\node_modules\raw-body\index.js:238:16)
    at done (D:\PROJECTS\OS_TICKET_MERN\node_modules\raw-body\index.js:227:7)
    at IncomingMessage.onEnd (D:\PROJECTS\OS_TICKET_MERN\node_modules\raw-body\index.js:287:7)
    at IncomingMessage.emit (node:events:519:28)
    at endReadableNT (node:internal/streams/readable:1698:12)
    at process.processTicksAndRejections (node:internal/process/task_queues:89:21)
[2026-08-05T09:21:44.167Z] [ERROR] Unhandled: Expected property name or '}' in JSON at position 1 (line 1 column 2)
SyntaxError: Expected property name or '}' in JSON at position 1 (line 1 column 2)
    at JSON.parse (<anonymous>)
    at parse (D:\PROJECTS\OS_TICKET_MERN\node_modules\body-parser\lib\types\json.js:96:19)
    at D:\PROJECTS\OS_TICKET_MERN\node_modules\body-parser\lib\read.js:128:18
    at AsyncResource.runInAsyncScope (node:async_hooks:214:14)
    at invokeCallback (D:\PROJECTS\OS_TICKET_MERN\node_modules\raw-body\index.js:238:16)
    at done (D:\PROJECTS\OS_TICKET_MERN\node_modules\raw-body\index.js:227:7)
    at IncomingMessage.onEnd (D:\PROJECTS\OS_TICKET_MERN\node_modules\raw-body\index.js:287:7)
    at IncomingMessage.emit (node:events:519:28)
    at endReadableNT (node:internal/streams/readable:1698:12)
    at process.processTicksAndRejections (node:internal/process/task_queues:89:21)
[2026-08-05T09:21:57.555Z] [ERROR] Unhandled: Expected property name or '}' in JSON at position 1 (line 1 column 2)
SyntaxError: Expected property name or '}' in JSON at position 1 (line 1 column 2)
    at JSON.parse (<anonymous>)
    at parse (D:\PROJECTS\OS_TICKET_MERN\node_modules\body-parser\lib\types\json.js:96:19)
    at D:\PROJECTS\OS_TICKET_MERN\node_modules\body-parser\lib\read.js:128:18
    at AsyncResource.runInAsyncScope (node:async_hooks:214:14)
    at invokeCallback (D:\PROJECTS\OS_TICKET_MERN\node_modules\raw-body\index.js:238:16)
    at done (D:\PROJECTS\OS_TICKET_MERN\node_modules\raw-body\index.js:227:7)
    at IncomingMessage.onEnd (D:\PROJECTS\OS_TICKET_MERN\node_modules\raw-body\index.js:287:7)
    at IncomingMessage.emit (node:events:519:28)
    at endReadableNT (node:internal/streams/readable:1698:12)
    at process.processTicksAndRejections (node:internal/process/task_queues:89:21)
[2026-08-05T09:22:03.585Z] [ERROR] Unhandled: Expected property name or '}' in JSON at position 1 (line 1 column 2)
SyntaxError: Expected property name or '}' in JSON at position 1 (line 1 column 2)
    at JSON.parse (<anonymous>)
    at parse (D:\PROJECTS\OS_TICKET_MERN\node_modules\body-parser\lib\types\json.js:96:19)
    at D:\PROJECTS\OS_TICKET_MERN\node_modules\body-parser\lib\read.js:128:18
    at AsyncResource.runInAsyncScope (node:async_hooks:214:14)
    at invokeCallback (D:\PROJECTS\OS_TICKET_MERN\node_modules\raw-body\index.js:238:16)
    at done (D:\PROJECTS\OS_TICKET_MERN\node_modules\raw-body\index.js:227:7)
    at IncomingMessage.onEnd (D:\PROJECTS\OS_TICKET_MERN\node_modules\raw-body\index.js:287:7)
    at IncomingMessage.emit (node:events:519:28)
    at endReadableNT (node:internal/streams/readable:1698:12)
    at process.processTicksAndRejections (node:internal/process/task_queues:89:21)
[2026-08-05T09:22:43.876Z] [ERROR] Unhandled: Expected property name or '}' in JSON at position 1 (line 1 column 2)
SyntaxError: Expected property name or '}' in JSON at position 1 (line 1 column 2)
    at JSON.parse (<anonymous>)
    at parse (D:\PROJECTS\OS_TICKET_MERN\node_modules\body-parser\lib\types\json.js:96:19)
    at D:\PROJECTS\OS_TICKET_MERN\node_modules\body-parser\lib\read.js:128:18
    at AsyncResource.runInAsyncScope (node:async_hooks:214:14)
    at invokeCallback (D:\PROJECTS\OS_TICKET_MERN\node_modules\raw-body\index.js:238:16)
    at done (D:\PROJECTS\OS_TICKET_MERN\node_modules\raw-body\index.js:227:7)
    at IncomingMessage.onEnd (D:\PROJECTS\OS_TICKET_MERN\node_modules\raw-body\index.js:287:7)
    at IncomingMessage.emit (node:events:519:28)
    at endReadableNT (node:internal/streams/readable:1698:12)
    at process.processTicksAndRejections (node:internal/process/task_queues:89:21)
[2026-08-05T09:24:02.660Z] [ERROR] Unhandled: Expected property name or '}' in JSON at position 1 (line 1 column 2)
SyntaxError: Expected property name or '}' in JSON at position 1 (line 1 column 2)
    at JSON.parse (<anonymous>)
    at parse (D:\PROJECTS\OS_TICKET_MERN\node_modules\body-parser\lib\types\json.js:96:19)
    at D:\PROJECTS\OS_TICKET_MERN\node_modules\body-parser\lib\read.js:128:18
    at AsyncResource.runInAsyncScope (node:async_hooks:214:14)
    at invokeCallback (D:\PROJECTS\OS_TICKET_MERN\node_modules\raw-body\index.js:238:16)
    at done (D:\PROJECTS\OS_TICKET_MERN\node_modules\raw-body\index.js:227:7)
    at IncomingMessage.onEnd (D:\PROJECTS\OS_TICKET_MERN\node_modules\raw-body\index.js:287:7)
    at IncomingMessage.emit (node:events:519:28)
    at endReadableNT (node:internal/streams/readable:1698:12)
    at process.processTicksAndRejections (node:internal/process/task_queues:89:21)
[2026-08-05T09:57:42.665Z] [ERROR] Unhandled: Expected property name or '}' in JSON at position 1 (line 1 column 2)
SyntaxError: Expected property name or '}' in JSON at position 1 (line 1 column 2)
    at JSON.parse (<anonymous>)
    at parse (D:\PROJECTS\OS_TICKET_MERN\node_modules\body-parser\lib\types\json.js:96:19)
    at D:\PROJECTS\OS_TICKET_MERN\node_modules\body-parser\lib\read.js:128:18
    at AsyncResource.runInAsyncScope (node:async_hooks:214:14)
    at invokeCallback (D:\PROJECTS\OS_TICKET_MERN\node_modules\raw-body\index.js:238:16)
    at done (D:\PROJECTS\OS_TICKET_MERN\node_modules\raw-body\index.js:227:7)
    at IncomingMessage.onEnd (D:\PROJECTS\OS_TICKET_MERN\node_modules\raw-body\index.js:287:7)
    at IncomingMessage.emit (node:events:519:28)
    at endReadableNT (node:internal/streams/readable:1698:12)
    at process.processTicksAndRejections (node:internal/process/task_queues:89:21)
[2026-08-05T09:58:07.989Z] [ERROR] Unhandled: Expected property name or '}' in JSON at position 1 (line 1 column 2)
SyntaxError: Expected property name or '}' in JSON at position 1 (line 1 column 2)
    at JSON.parse (<anonymous>)
    at parse (D:\PROJECTS\OS_TICKET_MERN\node_modules\body-parser\lib\types\json.js:96:19)
    at D:\PROJECTS\OS_TICKET_MERN\node_modules\body-parser\lib\read.js:128:18
    at AsyncResource.runInAsyncScope (node:async_hooks:214:14)
    at invokeCallback (D:\PROJECTS\OS_TICKET_MERN\node_modules\raw-body\index.js:238:16)
    at done (D:\PROJECTS\OS_TICKET_MERN\node_modules\raw-body\index.js:227:7)
    at IncomingMessage.onEnd (D:\PROJECTS\OS_TICKET_MERN\node_modules\raw-body\index.js:287:7)
    at IncomingMessage.emit (node:events:519:28)
    at endReadableNT (node:internal/streams/readable:1698:12)
    at process.processTicksAndRejections (node:internal/process/task_queues:89:21)
